com\example\my_test_app\repository\PasswordResetTokenRepository.class
com\example\my_test_app\service\ProductService.class
com\example\my_test_app\model\ProductType.class
com\example\my_test_app\controller\CartController.class
com\example\my_test_app\dto\CartDto.class
com\example\my_test_app\dto\ProductDto.class
com\example\my_test_app\model\CartItem.class
com\example\my_test_app\model\Product.class
com\example\my_test_app\service\UserService.class
com\example\my_test_app\repository\CartItemRepository.class
com\example\my_test_app\controller\UserController.class
com\example\my_test_app\repository\ProductRepository.class
com\example\my_test_app\dto\CartItemDto.class
com\example\my_test_app\MyTestAppApplication.class
com\example\my_test_app\exceptions\ResourceNotFoundException.class
com\example\my_test_app\model\Cart.class
com\example\my_test_app\service\CartService.class
com\example\my_test_app\repository\UserRepository.class
com\example\my_test_app\GlobalExceptionHandler.class
com\example\my_test_app\config\SecurityConfig.class
com\example\my_test_app\repository\CartRepository.class
com\example\my_test_app\model\User.class
com\example\my_test_app\model\PasswordResetToken.class
com\example\my_test_app\controller\ProductController.class
