C:\Users\aki0g\Documents\まとめ\勉強中\MySQL\準備\my-test-app\my-test-app\src\main\java\com\example\my_test_app\config\SecurityConfig.java
C:\Users\aki0g\Documents\まとめ\勉強中\MySQL\準備\my-test-app\my-test-app\src\main\java\com\example\my_test_app\controller\CartController.java
C:\Users\aki0g\Documents\まとめ\勉強中\MySQL\準備\my-test-app\my-test-app\src\main\java\com\example\my_test_app\controller\ProductController.java
C:\Users\aki0g\Documents\まとめ\勉強中\MySQL\準備\my-test-app\my-test-app\src\main\java\com\example\my_test_app\controller\UserController.java
C:\Users\aki0g\Documents\まとめ\勉強中\MySQL\準備\my-test-app\my-test-app\src\main\java\com\example\my_test_app\dto\CartDto.java
C:\Users\aki0g\Documents\まとめ\勉強中\MySQL\準備\my-test-app\my-test-app\src\main\java\com\example\my_test_app\dto\CartItemDto.java
C:\Users\aki0g\Documents\まとめ\勉強中\MySQL\準備\my-test-app\my-test-app\src\main\java\com\example\my_test_app\dto\ProductDto.java
C:\Users\aki0g\Documents\まとめ\勉強中\MySQL\準備\my-test-app\my-test-app\src\main\java\com\example\my_test_app\exceptions\ResourceNotFoundException.java
C:\Users\aki0g\Documents\まとめ\勉強中\MySQL\準備\my-test-app\my-test-app\src\main\java\com\example\my_test_app\GlobalExceptionHandler.java
C:\Users\aki0g\Documents\まとめ\勉強中\MySQL\準備\my-test-app\my-test-app\src\main\java\com\example\my_test_app\model\Cart.java
C:\Users\aki0g\Documents\まとめ\勉強中\MySQL\準備\my-test-app\my-test-app\src\main\java\com\example\my_test_app\model\CartItem.java
C:\Users\aki0g\Documents\まとめ\勉強中\MySQL\準備\my-test-app\my-test-app\src\main\java\com\example\my_test_app\model\PasswordResetToken.java
C:\Users\aki0g\Documents\まとめ\勉強中\MySQL\準備\my-test-app\my-test-app\src\main\java\com\example\my_test_app\model\Product.java
C:\Users\aki0g\Documents\まとめ\勉強中\MySQL\準備\my-test-app\my-test-app\src\main\java\com\example\my_test_app\model\ProductType.java
C:\Users\aki0g\Documents\まとめ\勉強中\MySQL\準備\my-test-app\my-test-app\src\main\java\com\example\my_test_app\model\User.java
C:\Users\aki0g\Documents\まとめ\勉強中\MySQL\準備\my-test-app\my-test-app\src\main\java\com\example\my_test_app\MyTestAppApplication.java
C:\Users\aki0g\Documents\まとめ\勉強中\MySQL\準備\my-test-app\my-test-app\src\main\java\com\example\my_test_app\repository\CartItemRepository.java
C:\Users\aki0g\Documents\まとめ\勉強中\MySQL\準備\my-test-app\my-test-app\src\main\java\com\example\my_test_app\repository\CartRepository.java
C:\Users\aki0g\Documents\まとめ\勉強中\MySQL\準備\my-test-app\my-test-app\src\main\java\com\example\my_test_app\repository\PasswordResetTokenRepository.java
C:\Users\aki0g\Documents\まとめ\勉強中\MySQL\準備\my-test-app\my-test-app\src\main\java\com\example\my_test_app\repository\ProductRepository.java
C:\Users\aki0g\Documents\まとめ\勉強中\MySQL\準備\my-test-app\my-test-app\src\main\java\com\example\my_test_app\repository\UserRepository.java
C:\Users\aki0g\Documents\まとめ\勉強中\MySQL\準備\my-test-app\my-test-app\src\main\java\com\example\my_test_app\service\CartService.java
C:\Users\aki0g\Documents\まとめ\勉強中\MySQL\準備\my-test-app\my-test-app\src\main\java\com\example\my_test_app\service\ProductService.java
C:\Users\aki0g\Documents\まとめ\勉強中\MySQL\準備\my-test-app\my-test-app\src\main\java\com\example\my_test_app\service\UserService.java
